MPASM  5.42                          MAIN.ASM   10-12-2023  15:15:51         PAGE  1


LOC  OBJECT CODE     LINE SOURCE TEXT
  VALUE

                      00001 ; itraukti PIC16F84
                      00002 #include "p16f84.inc"
                      00001         LIST
                      00002 
                      00003 ;==========================================================================
                      00004 ;  MPASM PIC16F84 processor include
                      00005 ; 
                      00006 ;  (c) Copyright 1999-2011 Microchip Technology, All rights reserved
                      00007 ;==========================================================================
                      00008 
                      00199         LIST
2007   3FF3           00003         __CONFIG _CP_OFF & _WDT_OFF & _PWRTE_ON & _RC_OSC ; Konfiguruojami mikrovaldiklio nustatymai
                      00004 
                      00005 
0000                  00006         ORG 0x00 ; Programos pradzia
                      00007 
                      00008 
                      00009 
  00000023            00010 RandomNumber EQU 0x23 ; kintamuju nustatytimas
  00000025            00011 NumberToDisplay EQU 0x25 ;kintamuju nustatytimas
  00000024            00012 ButtonPressed EQU 0x24 ; Mygtuko paspaudimas
  00000022            00013 DisplayCounter EQU 0x22 ; Skaitiklis ekranui
  00000026            00014 ButtonState EQU 0x26 ; Mygtuko busena
  00000027            00015 ButtonProcessed EQU 0x27 ; Mygtuko ivykio apdorojimas
                      00016 
                      00017 
                      00018         ; Inicializuojami registrai ir nustatymai
0000   3000           00019         MOVLW 0x00 ; Uzkraunamas 0x00 i W registra
0001   00A3           00020         MOVWF RandomNumber ; Issaugomas W registras i RandomNumber
0002   3000           00021         MOVLW 0x00 ; Uzkraunamas 0x00 i W registra
0003   00A5           00022         MOVWF NumberToDisplay ; Issaugomas W registras i NumberToDisplay
0004   1024           00023         BCF ButtonPressed, 0 ; Valdomas mygtuko paspaudimo registras
0005   1026           00024         BCF ButtonState, 0 ; Valdoma mygtuko busenos registras
0006   1027           00025         BCF ButtonProcessed, 0 ; Valdomas mygtuko ivykio apdorojimo registras
                      00026 
0007   1683           00027         BSF STATUS, RP0 ; Pakeiciamas bankas 1
0008   3000           00028         MOVLW B'00000000' ; Uzkraunamas W registras su bitais
Message[302]: Register in operand not in bank 0.  Ensure that bank bits are correct.
0009   0086           00029         MOVWF TRISB ; Issaugomas W registras TRISB
000A   1283           00030         BCF STATUS, RP0 ; Pakeiciamas bankas 0
                      00031 
000B   1683           00032         BSF STATUS, RP0 ; Pakeiciamas bankas 1
Message[302]: Register in operand not in bank 0.  Ensure that bank bits are correct.
000C   1085           00033         BCF TRISA, 1 ; Isjungiamas RA1 isejimas
Message[302]: Register in operand not in bank 0.  Ensure that bank bits are correct.
000D   1105           00034         BCF TRISA, 2 ; Isjungiamas RA2 isejimas
000E   1283           00035         BCF STATUS, RP0 ; Pakeiciamas bankas 0
                      00036 
000F   1206           00037         BCF PORTB, 4 ; Isjungiamas PORTB bitas 4
0010   1286           00038         BCF PORTB, 5 ; Isjungiamas PORTB bitas 5
0011   1306           00039         BCF PORTB, 6 ; Isjungiamas PORTB bitas 6
0012   1386           00040         BCF PORTB, 7 ; Isjungiamas PORTB bitas 7
0013   1085           00041         BCF PORTA, 1 ; Isjungiamas PORTA bitas 1
MPASM  5.42                          MAIN.ASM   10-12-2023  15:15:51         PAGE  2


LOC  OBJECT CODE     LINE SOURCE TEXT
  VALUE

0014   1105           00042         BCF PORTA, 2 ; Isjungiamas PORTA bitas 2
                      00043 
0015                  00044 Main_Loop:
                      00045 
0015   0AA3           00046         INCF RandomNumber, F ; Inkrementuojamas RandomNumber registras
                      00047 
0016   1805           00048         BTFSC PORTA, 0 ; Tikrinama, ar PORTA bitas 0 yra nustatytas
0017   1826           00049         BTFSC ButtonState, 0 ; Tikrinama, ar ButtonState bitas 0 yra nustatytas
0018   281C           00050         GOTO ButtonNotPressed ; Jei taip, eiti i ButtonNotPressed
                      00051 
0019   2087           00052         CALL buttonFunction ; Iskviesti funkcija buttonFunction
001A   1426           00053         BSF ButtonState, 0 ; Nustatyti ButtonState bita
001B   2815           00054         GOTO Main_Loop ; Grzsti i pagrindini cikla
                      00055 
001C                  00056 ButtonNotPressed:
                      00057 
001C   1C05           00058         BTFSS PORTA, 0 ; Tikrinama, ar PORTA bitas 0 nera nustatytas
001D   281F           00059         GOTO buttonReleased ; Jei taip, eiti i buttonReleased
001E   2815           00060         GOTO Main_Loop ; Kitu atveju gryzti i pagrindini cikla
                      00061 
001F                  00062 buttonReleased:
001F   1026           00063         BCF ButtonState, 0 ; Isvalyti ButtonState bita 0
0020   1027           00064         BCF ButtonProcessed, 0 ; Isvalyti ButtonProcessed bita 0
0021   205E           00065         CALL clear ; Isvalyti ekrana
                      00066 
0022   2038           00067         CALL DisplayLoop ; Iskviesti DisplayLoop funkcija
                      00068 
0023                  00069 CHECK_PINS_LOOP:
0023   1E06           00070         BTFSS PORTB, 4 ; Tikrinama, ar PORTB bitas 4 nera nustatytas
0024   2830           00071         GOTO PIN_HIGH ; Jei taip, eiti ? PIN_HIGH
0025   1E86           00072         BTFSS PORTB, 5 ; Tikrinama, ar PORTB bitas 5 nera nustatytas
0026   2830           00073         GOTO PIN_HIGH ; Jei taip, eiti ? PIN_HIGH
0027   1F06           00074         BTFSS PORTB, 6 ; Tikrinama, ar PORTB bitas 6 nera nustatytas
0028   2830           00075         GOTO PIN_HIGH ; Jei taip, eiti ? PIN_HIGH
0029   1F86           00076         BTFSS PORTB, 7 ; Tikrinama, ar PORTB bitas 7 nera nustatytas
002A   2830           00077         GOTO PIN_HIGH ; Jei taip, eiti ? PIN_HIGH
002B   1C85           00078         BTFSS PORTA, 1 ; Tikrinama, ar PORTA bitas 1 nera nustatytas
002C   2830           00079         GOTO PIN_HIGH ; Jei taip, eiti ? PIN_HIGH
002D   1D05           00080         BTFSS PORTA, 2 ; Tikrinama, ar PORTA bitas 2 nera nustatytas
002E   2830           00081         GOTO PIN_HIGH ; Jei taip, eiti ? PIN_HIGH
002F   2831           00082         GOTO PINS_OFF ; Eiti ? PINS_OFF
                      00083 
0030                  00084 PIN_HIGH:
                      00085 
0030   2815           00086         GOTO Main_Loop ; Gryzti i pagrindini cikla
                      00087 
0031                  00088 PINS_OFF:
                      00089 
0031   1206           00090         BCF PORTB, 4 ; Isvalyti PORTB bita 4
0032   1286           00091         BCF PORTB, 5 ; Isvalyti PORTB bita 5
0033   1306           00092         BCF PORTB, 6 ; Isvalyti PORTB bita 6
0034   1386           00093         BCF PORTB, 7 ; Isvalyti PORTB bita 7
0035   1085           00094         BCF PORTA, 1 ; Isvalyti PORTA bita 1
MPASM  5.42                          MAIN.ASM   10-12-2023  15:15:51         PAGE  3


LOC  OBJECT CODE     LINE SOURCE TEXT
  VALUE

0036   1105           00095         BCF PORTA, 2 ; Isvalyti PORTA bita 2
0037   2815           00096         GOTO Main_Loop ; Gryzti i pagrindini cikla
                      00097 
0038                  00098 DisplayLoop:
                      00099 
0038   0823           00100         MOVF RandomNumber, W ; Perkelti RandomNumber i W registra
0039   3C06           00101         SUBLW 6 ; Atimti sesis nuo W registro
003A   1D03           00102         BTFSS STATUS, Z ; Tikrinti, ar zenklas Z (nulis) nustatytas
                      00103 
003B   0008           00104         RETURN ; Jei ne, gryzti
                      00105 
003C   203E           00106         CALL makeZero ; Iskviesti funkcija makeZero
                      00107 
003D   0008           00108         RETURN ; Gryzti
                      00109 
003E                  00110 makeZero:
                      00111 
003E   3000           00112         MOVLW 0x00 ; Uzkraunamas 0x00 i W registra
003F   00A3           00113         MOVWF RandomNumber ; Issaugomas W registras RandomNumber
                      00114 
0040   0008           00115         RETURN ; Gryzti
                      00116 
0041                  00117 DisplayNumber:
                      00118 
0041   3000           00119         MOVLW 0x00 ; Uzkraunamas 0x00 i W registra
0042   0625           00120         XORWF NumberToDisplay, W ; XOR operacija su NumberToDisplay ir W, rezultatas i W
0043   1903           00121         BTFSC STATUS, Z ; Tikrinti, ar zenklas Z (nulis) nustatytas
0044   205E           00122         CALL clear ; Jei taip, isvalyti ekrana
                      00123 
0045   3001           00124         MOVLW 0x01 ; Uzkraunamas 0x01 i W registra
0046   0625           00125         XORWF NumberToDisplay, W ; XOR operacija su NumberToDisplay ir W, rezultatas i W
0047   1903           00126         BTFSC STATUS, Z ; Tikrinti, ar ?enklas Z (nulis) nustatytas
0048   2063           00127         CALL DIGIT_1 ; Jei taip, iskviesti DIGIT_1 funkcija
                      00128 
0049   3002           00129         MOVLW 0x02 ; Uzkraunamas 0x02 i W registra
004A   0625           00130         XORWF NumberToDisplay, W ; XOR operacija su NumberToDisplay ir W, rezultatas i W
004B   1903           00131         BTFSC STATUS, Z ; Tikrinti, ar zenklas Z (nulis) nustatytas
004C   2069           00132         CALL DIGIT_2 ; Jei taip, iskviesti DIGIT_2 funkcija
                      00133 
004D   3003           00134         MOVLW 0x03 ; Uzkraunamas 0x03 i W registra
004E   0625           00135         XORWF NumberToDisplay, W ; XOR operacija su NumberToDisplay ir W, rezultatas i W
004F   1903           00136         BTFSC STATUS, Z ; Tikrinti, ar zenklas Z (nulis) nustatytas
0050   206F           00137         CALL DIGIT_3 ; Jei taip, iskviesti DIGIT_3 funkcija
                      00138 
0051   3004           00139         MOVLW 0x04 ; Uzkraunamas 0x04 i W registra
0052   0625           00140         XORWF NumberToDisplay, W ; XOR operacija su NumberToDisplay ir W, rezultatas i W
0053   1903           00141         BTFSC STATUS, Z ; Tikrinti, ar zenklas Z (nulis) nustatytas
0054   2075           00142         CALL DIGIT_4 ; Jei taip, iskviesti DIGIT_4 funkcija
                      00143 
0055   3005           00144         MOVLW 0x05 ; Uzkraunamas 0x05 i W registra
0056   0625           00145         XORWF NumberToDisplay, W ; XOR operacija su NumberToDisplay ir W, rezultatas i W
0057   1903           00146         BTFSC STATUS, Z ; Tikrinti, ar zenklas Z (nulis) nustatytas
0058   207B           00147         CALL DIGIT_5 ; Jei taip, iskviesti DIGIT_5 funkcija
MPASM  5.42                          MAIN.ASM   10-12-2023  15:15:51         PAGE  4


LOC  OBJECT CODE     LINE SOURCE TEXT
  VALUE

                      00148 
0059   3006           00149         MOVLW 0x06 ; uzkraunamas 0x06 i W registra
005A   0625           00150         XORWF NumberToDisplay, W ; XOR operacija su NumberToDisplay ir W, rezultatas i W
005B   1903           00151         BTFSC STATUS, Z ; Tikrinti, ar zenklas Z (nulis) nustatytas
005C   2081           00152         CALL DIGIT_6 ; Jei taip, iskviesti DIGIT_6 funkcija
                      00153 
005D   0008           00154         RETURN ; Gryzti
                      00155 
005E                  00156 clear:
                      00157 
005E   1006           00158         BCF PORTB, 0 ; Isvalyti PORTB bita 0
005F   1086           00159         BCF PORTB, 1 ; Isvalyti PORTB bita 1
0060   1106           00160         BCF PORTB, 2 ; Isvalyti PORTB bita 2
0061   1186           00161         BCF PORTB, 3 ; Isvalyti PORTB bita 3
                      00162 
0062   0008           00163         RETURN ; Gryzti
                      00164 
0063                  00165 DIGIT_1:
                      00166 
0063   1406           00167         BSF PORTB, 0 ; Nustatyti PORTB bita 0
0064   1086           00168         BCF PORTB, 1 ; Isvalyti PORTB bita 1
0065   1106           00169         BCF PORTB, 2 ; Isvalyti PORTB bita 2
0066   1186           00170         BCF PORTB, 3 ; Isvalyti PORTB bita 3
0067   1786           00171         BSF PORTB, 7 ; Nustatyti PORTB bita 7
                      00172 
0068   0008           00173         RETURN ; Gryzti
                      00174 
0069                  00175 DIGIT_2:
                      00176 
0069   1486           00177         BSF PORTB, 1 ; Nustatyti PORTB bita 1
006A   1106           00178         BCF PORTB, 2 ; Isvalyti PORTB bita 2
006B   1006           00179         BCF PORTB, 0 ; Isvalyti PORTB bita 0
006C   1186           00180         BCF PORTB, 3 ; Isvalyti PORTB bita 3
006D   1706           00181         BSF PORTB, 6 ; Nustatyti PORTB bita 6
                      00182 
006E   0008           00183         RETURN ; Gryzti
                      00184 
006F                  00185 DIGIT_3:
                      00186 
006F   1406           00187         BSF PORTB, 0 ; Nustatyti PORTB bita 0
0070   1486           00188         BSF PORTB, 1 ; Nustatyti PORTB bita 1
0071   1106           00189         BCF PORTB, 2 ; Isvalyti PORTB bita 2
0072   1186           00190         BCF PORTB, 3 ; Isvalyti PORTB bita 3
0073   1686           00191         BSF PORTB, 5 ; Nustatyti PORTB bita 5
                      00192 
0074   0008           00193         RETURN ; Gryzti
                      00194 
0075                  00195 DIGIT_4:
                      00196 
0075   1506           00197         BSF PORTB, 2 ; Nustatyti PORTB bita 2
0076   1086           00198         BCF PORTB, 1 ; Isvalyti PORTB bita 1
0077   1006           00199         BCF PORTB, 0 ; Isvalyti PORTB bita 0
0078   1186           00200         BCF PORTB, 3 ; Isvalyti PORTB bita 3
MPASM  5.42                          MAIN.ASM   10-12-2023  15:15:51         PAGE  5


LOC  OBJECT CODE     LINE SOURCE TEXT
  VALUE

0079   1606           00201         BSF PORTB, 4 ; Nustatyti PORTB bita 4
                      00202 
007A   0008           00203         RETURN ; Gryzti
                      00204 
007B                  00205 DIGIT_5:
                      00206 
007B   1406           00207         BSF PORTB, 0 ; Nustatyti PORTB bita 0
007C   1506           00208         BSF PORTB, 2 ; Nustatyti PORTB bita 2
007D   1086           00209         BCF PORTB, 1 ; I?valyti PORTB bita 1
007E   1186           00210         BCF PORTB, 3 ; I?valyti PORTB bita 3
007F   1485           00211         BSF PORTA, 1 ; Nustatyti PORTA bita 1
                      00212 
0080   0008           00213         RETURN ; Gryzti
                      00214 
0081                  00215 DIGIT_6:
                      00216 
0081   1486           00217         BSF PORTB, 1 ; Nustatyti PORTB bita 1
0082   1506           00218         BSF PORTB, 2 ; Nustatyti PORTB bita 2
0083   1006           00219         BCF PORTB, 0 ; Isvalyti PORTB bita 0
0084   1186           00220         BCF PORTB, 3 ; Isvalyti PORTB bita 3
0085   1505           00221         BSF PORTA, 2 ; Nustatyti PORTA bita 2
                      00222 
0086   0008           00223         RETURN ; Gryzti
                      00224 
0087                  00225 buttonFunction:
                      00226 
0087   1827           00227         BTFSC ButtonProcessed, 0 ; Tikrinti, ar ButtonProcessed bitas 0 nustatytas
0088   0008           00228         RETURN ; Jei taip, gryzti
                      00229 
0089   3001           00230         MOVLW 0x01 ; Uzkraunamas 0x01 i W registra
008A   00A7           00231         MOVWF ButtonProcessed ; Issaugomas W registras ButtonProcessed
                      00232 
008B   0823           00233         MOVF RandomNumber, W ; Perkelti RandomNumber i W registra
008C   00A5           00234         MOVWF NumberToDisplay ; Issaugomas W registras NumberToDisplay
008D   2041           00235         CALL DisplayNumber ; Iskviesti DisplayNumber funkcija
                      00236 
008E   0008           00237         RETURN ; Gryzti
                      00238 
008F                  00239 delay:
                      00240 
008F   3064           00241         MOVLW D'100' ; Uzkraunamas velinimo laikas
0090   00A0           00242         MOVWF DELAY_COUNT ; Issaugomas DELAY_COUNT registras
                      00243 
0091                  00244 DELAY_LOOP:
                      00245 
0091   0BA0           00246         DECFSZ DELAY_COUNT, F ; Mazinti DELAY_COUNT ir tikrinti, ar nulis
0092   2891           00247         GOTO DELAY_LOOP ; Jei ne nulis, gryzti i DELAY_LOOP
                      00248 
0093   0008           00249         RETURN ; Gryzti
                      00250 
  00000020            00251 DELAY_COUNT EQU 0x20 ; DELAY_COUNT konstanta
                      00252 
                      00253         END ; Programos pabaiga
MPASM  5.42                          MAIN.ASM   10-12-2023  15:15:51         PAGE  6


SYMBOL TABLE
  LABEL                             VALUE 

ButtonNotPressed                  0000001C
ButtonPressed                     00000024
ButtonProcessed                   00000027
ButtonState                       00000026
C                                 00000000
CHECK_PINS_LOOP                   00000023
DC                                00000001
DELAY_COUNT                       00000020
DELAY_LOOP                        00000091
DIGIT_1                           00000063
DIGIT_2                           00000069
DIGIT_3                           0000006F
DIGIT_4                           00000075
DIGIT_5                           0000007B
DIGIT_6                           00000081
DisplayCounter                    00000022
DisplayLoop                       00000038
DisplayNumber                     00000041
EEADR                             00000009
EECON1                            00000088
EECON2                            00000089
EEDATA                            00000008
EEIE                              00000006
EEIF                              00000004
F                                 00000001
FSR                               00000004
GIE                               00000007
INDF                              00000000
INTCON                            0000000B
INTE                              00000004
INTEDG                            00000006
INTF                              00000001
IRP                               00000007
Main_Loop                         00000015
NOT_PD                            00000003
NOT_RBPU                          00000007
NOT_TO                            00000004
NumberToDisplay                   00000025
OPTION_REG                        00000081
PCL                               00000002
PCLATH                            0000000A
PINS_OFF                          00000031
PIN_HIGH                          00000030
PORTA                             00000005
PORTB                             00000006
PS0                               00000000
PS1                               00000001
PS2                               00000002
PSA                               00000003
RA0                               00000000
RA1                               00000001
RA2                               00000002
RA3                               00000003
MPASM  5.42                          MAIN.ASM   10-12-2023  15:15:51         PAGE  7


SYMBOL TABLE
  LABEL                             VALUE 

RA4                               00000004
RB0                               00000000
RB1                               00000001
RB2                               00000002
RB3                               00000003
RB4                               00000004
RB5                               00000005
RB6                               00000006
RB7                               00000007
RBIE                              00000003
RBIF                              00000000
RD                                00000000
RP0                               00000005
RP1                               00000006
RandomNumber                      00000023
STATUS                            00000003
T0CS                              00000005
T0IE                              00000005
T0IF                              00000002
T0SE                              00000004
TMR0                              00000001
TMR0IE                            00000005
TMR0IF                            00000002
TRISA                             00000085
TRISA0                            00000000
TRISA1                            00000001
TRISA2                            00000002
TRISA3                            00000003
TRISA4                            00000004
TRISB                             00000086
TRISB0                            00000000
TRISB1                            00000001
TRISB2                            00000002
TRISB3                            00000003
TRISB4                            00000004
TRISB5                            00000005
TRISB6                            00000006
TRISB7                            00000007
W                                 00000000
WR                                00000001
WREN                              00000002
WRERR                             00000003
Z                                 00000002
_CONFIG                           00002007
_CP_OFF                           00003FFF
_CP_ON                            0000000F
_HS_OSC                           00003FFE
_IDLOC0                           00002000
_IDLOC1                           00002001
_IDLOC2                           00002002
_IDLOC3                           00002003
_LP_OSC                           00003FFC
_PWRTE_OFF                        00003FFF
MPASM  5.42                          MAIN.ASM   10-12-2023  15:15:51         PAGE  8


SYMBOL TABLE
  LABEL                             VALUE 

_PWRTE_ON                         00003FF7
_RC_OSC                           00003FFF
_WDT_OFF                          00003FFB
_WDT_ON                           00003FFF
_XT_OSC                           00003FFD
__16F84                           00000001
buttonFunction                    00000087
buttonReleased                    0000001F
clear                             0000005E
delay                             0000008F
makeZero                          0000003E


MEMORY USAGE MAP ('X' = Used,  '-' = Unused)

0000 : XXXXXXXXXXXXXXXX XXXXXXXXXXXXXXXX XXXXXXXXXXXXXXXX XXXXXXXXXXXXXXXX
0040 : XXXXXXXXXXXXXXXX XXXXXXXXXXXXXXXX XXXXXXXXXXXXXXXX XXXXXXXXXXXXXXXX
0080 : XXXXXXXXXXXXXXXX XXXX------------ ---------------- ----------------
2000 : -------X-------- ---------------- ---------------- ----------------

All other memory blocks unused.

Program Memory Words Used:   148
Program Memory Words Free:   876


Errors   :     0
Warnings :     0 reported,     0 suppressed
Messages :     3 reported,     0 suppressed

